../Inc/led_driver.h:32:6:run_gpio_led	40	static
../Inc/uart_driver.h:38:6:led_init	4	static
../Inc/uart_driver.h:53:6:led_toggle	16	static
../Inc/uart_driver.h:66:17:compute_uart_bd	16	static
../Inc/uart_driver.h:71:13:uart_set_baudrate	24	static
../Inc/uart_driver.h:76:6:usart_rxtx_init	8	static
../Inc/uart_driver.h:131:6:uart3_read	4	static
../Inc/uart_driver.h:140:6:uart3_write	24	static
../Inc/uart_driver.h:157:5:__io_putchar	16	static
../Inc/uart_driver.h:163:6:uart_driver	16	static
../Src/main.c:10:5:main	8	static
