20:50:15 **** Incremental Build of configuration Debug for project bare_metal_Appli ****
make -j9 all 
arm-none-eabi-gcc "../Src/main.c" -mcpu=cortex-m7 -std=gnu11 -g3 -DDEBUG -DSTM32 -DSTM32H7SINGLE -DSTM32H7S3L8Hx -DNUCLEO_H7S3L8 -DSTM32H7 -c -I../Inc -I/Users/benkempers/Developer/Misc/STM32CubeH7RS/Drivers/CMSIS/Core/Include -I/Users/benkempers/Developer/Misc/STM32CubeH7RS/Drivers/CMSIS/Device/ST/STM32H7RSxx/Include -O0 -ffunction-sections -fdata-sections -Wall -fstack-usage -fcyclomatic-complexity -MMD -MP -MF"Src/main.d" -MT"Src/main.o" --specs=nano.specs -mfpu=fpv5-d16 -mfloat-abi=hard -mthumb -o "Src/main.o"
arm-none-eabi-gcc "../Src/syscalls.c" -mcpu=cortex-m7 -std=gnu11 -g3 -DDEBUG -DSTM32 -DSTM32H7SINGLE -DSTM32H7S3L8Hx -DNUCLEO_H7S3L8 -DSTM32H7 -c -I../Inc -I/Users/benkempers/Developer/Misc/STM32CubeH7RS/Drivers/CMSIS/Core/Include -I/Users/benkempers/Developer/Misc/STM32CubeH7RS/Drivers/CMSIS/Device/ST/STM32H7RSxx/Include -O0 -ffunction-sections -fdata-sections -Wall -fstack-usage -fcyclomatic-complexity -MMD -MP -MF"Src/syscalls.d" -MT"Src/syscalls.o" --specs=nano.specs -mfpu=fpv5-d16 -mfloat-abi=hard -mthumb -o "Src/syscalls.o"
arm-none-eabi-gcc "../Src/sysmem.c" -mcpu=cortex-m7 -std=gnu11 -g3 -DDEBUG -DSTM32 -DSTM32H7SINGLE -DSTM32H7S3L8Hx -DNUCLEO_H7S3L8 -DSTM32H7 -c -I../Inc -I/Users/benkempers/Developer/Misc/STM32CubeH7RS/Drivers/CMSIS/Core/Include -I/Users/benkempers/Developer/Misc/STM32CubeH7RS/Drivers/CMSIS/Device/ST/STM32H7RSxx/Include -O0 -ffunction-sections -fdata-sections -Wall -fstack-usage -fcyclomatic-complexity -MMD -MP -MF"Src/sysmem.d" -MT"Src/sysmem.o" --specs=nano.specs -mfpu=fpv5-d16 -mfloat-abi=hard -mthumb -o "Src/sysmem.o"
arm-none-eabi-gcc -o "bare_metal_Appli.elf" @"objects.list"   -mcpu=cortex-m7 -T"/Users/benkempers/Developer/STM32CubeIDE/STM32H7_BareMetal/bare_metal/Appli/STM32H7S3L8HX_FLASH.ld" --specs=nosys.specs -Wl,-Map="bare_metal_Appli.map" -Wl,--gc-sections -static --specs=nano.specs -mfpu=fpv5-d16 -mfloat-abi=hard -mthumb -Wl,--start-group -lc -lm -Wl,--end-group
Finished building target: bare_metal_Appli.elf
 
arm-none-eabi-size  bare_metal_Appli.elf 
arm-none-eabi-objdump -h -S bare_metal_Appli.elf  > "bare_metal_Appli.list"
   text	   data	    bss	    dec	    hex	filename
   1164	      0	   1564	   2728	    aa8	bare_metal_Appli.elf
Finished building: default.size.stdout
 
Finished building: bare_metal_Appli.list
 
20:50:19 **** Incremental Build of configuration Debug for project bare_metal_Appli ****
make -j9 all 
arm-none-eabi-size  bare_metal_Appli.elf 
   text	   data	    bss	    dec	    hex	filename
   1164	      0	   1564	   2728	    aa8	bare_metal_Appli.elf
Finished building: default.size.stdout
 
20:50:58 **** Incremental Build of configuration Debug for project bare_metal_Appli ****
make -j9 all 
arm-none-eabi-size  bare_metal_Appli.elf 
   text	   data	    bss	    dec	    hex	filename
   1164	      0	   1564	   2728	    aa8	bare_metal_Appli.elf
Finished building: default.size.stdout
 
20:51:27 **** Incremental Build of configuration Debug for project bare_metal_Appli ****
make -j9 all 
arm-none-eabi-gcc "../Src/main.c" -mcpu=cortex-m7 -std=gnu11 -g3 -DDEBUG -DSTM32 -DSTM32H7SINGLE -DSTM32H7S3L8Hx -DNUCLEO_H7S3L8 -DSTM32H7 -c -I../Inc -I/Users/benkempers/Developer/Misc/STM32CubeH7RS/Drivers/CMSIS/Core/Include -I/Users/benkempers/Developer/Misc/STM32CubeH7RS/Drivers/CMSIS/Device/ST/STM32H7RSxx/Include -O0 -ffunction-sections -fdata-sections -Wall -fstack-usage -fcyclomatic-complexity -MMD -MP -MF"Src/main.d" -MT"Src/main.o" --specs=nano.specs -mfpu=fpv5-d16 -mfloat-abi=hard -mthumb -o "Src/main.o"
arm-none-eabi-gcc -o "bare_metal_Appli.elf" @"objects.list"   -mcpu=cortex-m7 -T"/Users/benkempers/Developer/STM32CubeIDE/STM32H7_BareMetal/bare_metal/Appli/STM32H7S3L8HX_FLASH.ld" --specs=nosys.specs -Wl,-Map="bare_metal_Appli.map" -Wl,--gc-sections -static --specs=nano.specs -mfpu=fpv5-d16 -mfloat-abi=hard -mthumb -Wl,--start-group -lc -lm -Wl,--end-group
Finished building target: bare_metal_Appli.elf
 
arm-none-eabi-size  bare_metal_Appli.elf 
arm-none-eabi-objdump -h -S bare_metal_Appli.elf  > "bare_metal_Appli.list"
   text	   data	    bss	    dec	    hex	filename
   1164	      0	   1564	   2728	    aa8	bare_metal_Appli.elf
Finished building: default.size.stdout
 
Finished building: bare_metal_Appli.list
 
